// Jest Snapshot v1, https://goo.gl/fbAQLP

exports[`Form should render properly 1`] = `
<form>
  <input
    name="email"
    type="text"
    value="example@gmail.com"
  />
</form>
`;
